Copyright 1986-2021 Xilinx, Inc. All Rights Reserved.
-------------------------------------------------------------------------------------------
| Tool Version : Vivado v.2021.2 (lin64) Build 3367213 Tue Oct 19 02:47:39 MDT 2021
| Date         : Mon Aug 10 14:11:06 2026
| Host         : cadence24 running 64-bit CentOS Linux release 7.9.2009 (Core)
| Command      : report_control_sets -verbose -file top_vga_basys3_control_sets_placed.rpt
| Design       : top_vga_basys3
| Device       : xc7a35t
-------------------------------------------------------------------------------------------

Control Set Information

Table of Contents
-----------------
1. Summary
2. Histogram
3. Flip-Flop Distribution
4. Detailed Control Set Information

1. Summary
----------

+----------------------------------------------------------+-------+
|                          Status                          | Count |
+----------------------------------------------------------+-------+
| Total control sets                                       |    12 |
|    Minimum number of control sets                        |    12 |
|    Addition due to synthesis replication                 |     0 |
|    Addition due to physical synthesis replication        |     0 |
| Unused register locations in slices containing registers |    39 |
+----------------------------------------------------------+-------+
* Control sets can be merged at opt_design using control_set_merge or merge_equivalent_drivers
** Run report_qor_suggestions for automated merging and remapping suggestions


2. Histogram
------------

+--------------------+-------+
|       Fanout       | Count |
+--------------------+-------+
| Total control sets |    12 |
| >= 0 to < 4        |     0 |
| >= 4 to < 6        |     2 |
| >= 6 to < 8        |     0 |
| >= 8 to < 10       |     3 |
| >= 10 to < 12      |     0 |
| >= 12 to < 14      |     0 |
| >= 14 to < 16      |     0 |
| >= 16              |     7 |
+--------------------+-------+
* Control sets can be remapped at either synth_design or opt_design


3. Flip-Flop Distribution
-------------------------

+--------------+-----------------------+------------------------+-----------------+--------------+
| Clock Enable | Synchronous Set/Reset | Asynchronous Set/Reset | Total Registers | Total Slices |
+--------------+-----------------------+------------------------+-----------------+--------------+
| No           | No                    | No                     |              28 |            6 |
| No           | No                    | Yes                    |             216 |           58 |
| No           | Yes                   | No                     |              33 |           10 |
| Yes          | No                    | No                     |               0 |            0 |
| Yes          | No                    | Yes                    |             132 |           37 |
| Yes          | Yes                   | No                     |               0 |            0 |
+--------------+-----------------------+------------------------+-----------------+--------------+


4. Detailed Control Set Information
-----------------------------------

+----------------------------------------------+--------------------------------------------+-----------------------------+------------------+----------------+--------------+
|                 Clock Signal                 |                Enable Signal               |       Set/Reset Signal      | Slice Load Count | Bel Load Count | Bels / Slice |
+----------------------------------------------+--------------------------------------------+-----------------------------+------------------+----------------+--------------+
|  u_clk_wiz_0/inst/pclk                       | u_top_vga/u_ball_pos/dy_reg[3]_i_1_n_0     | btnL_IBUF                   |                2 |              4 |         2.00 |
|  u_clk_wiz_0/inst/pclk                       | u_top_vga/u_game_fsm/flag_char_reg[0]_0[0] | btnL_IBUF                   |                1 |              4 |         4.00 |
|  u_clk_wiz_0/inst/clk_65Mhz_clk_wiz_0_en_clk |                                            |                             |                1 |              8 |         8.00 |
|  u_clk_wiz_0/inst/pclk                       |                                            | u_top_vga/u_draw_char/SR[0] |                2 |              9 |         4.50 |
|  u_clk_wiz_0/inst/pclk                       | u_top_vga/u_game_fsm/E[0]                  | btnL_IBUF                   |                4 |              9 |         2.25 |
|  u_clk_wiz_0/inst/pclk                       | u_debounce_btnD/q_next                     | btnL_IBUF                   |                5 |             21 |         4.20 |
|  u_clk_wiz_0/inst/pclk                       | u_debounce_btnU/q_next                     | btnL_IBUF                   |                5 |             21 |         4.20 |
|  u_clk_wiz_0/inst/pclk                       | u_debounce_btnC/q_next_0                   | btnL_IBUF                   |                5 |             21 |         4.20 |
|  u_clk_wiz_0/inst/pclk                       | u_top_vga/u_game_fsm/ref_time_nxt          | btnL_IBUF                   |                7 |             23 |         3.29 |
|  u_clk_wiz_0/inst/pclk                       |                                            |                             |                5 |             24 |         4.80 |
|  u_clk_wiz_0/inst/pclk                       | u_top_vga/u_game_fsm/ref_time_reg[0]       | btnL_IBUF                   |                8 |             29 |         3.62 |
|  u_clk_wiz_0/inst/pclk                       |                                            | btnL_IBUF                   |               66 |            240 |         3.64 |
+----------------------------------------------+--------------------------------------------+-----------------------------+------------------+----------------+--------------+


