Copyright 1986-2022 Xilinx, Inc. All Rights Reserved. Copyright 2022-2025 Advanced Micro Devices, Inc. All Rights Reserved.
--------------------------------------------------------------------------------------------------------------------------------------------------------------------------------
| Tool Version : Vivado v.2025.2 (win64) Build 6299465 Fri Nov 14 19:35:11 GMT 2025
| Date         : Mon Aug 31 17:42:40 2026
| Host         : DESKTOP-SELUCA7 running 64-bit major release  (build 9200)
| Command      : report_methodology -file top_vga_basys3_methodology_drc_routed.rpt -pb top_vga_basys3_methodology_drc_routed.pb -rpx top_vga_basys3_methodology_drc_routed.rpx
| Design       : top_vga_basys3
| Device       : xc7a35tcpg236-1
| Speed File   : -1
| Design State : Fully Routed
--------------------------------------------------------------------------------------------------------------------------------------------------------------------------------

Report Methodology

Table of Contents
-----------------
1. REPORT SUMMARY
2. REPORT DETAILS

1. REPORT SUMMARY
-----------------
            Netlist: netlist
          Floorplan: design_1
      Design limits: <entire design considered>
             Max checks: <unlimited>
             Checks found: 4
+---------+----------+--------------------------------------------+--------+
| Rule    | Severity | Description                                | Checks |
+---------+----------+--------------------------------------------+--------+
| LUTAR-1 | Warning  | LUT drives async reset alert               | 1      |
| SYNTH-6 | Warning  | Timing of a RAM block might be sub-optimal | 3      |
+---------+----------+--------------------------------------------+--------+

2. REPORT DETAILS
-----------------
LUTAR-1#1 Warning
LUT drives async reset alert  
LUT cell u_clk_wiz_0/inst/sync_stage1_i_1, with 2 or more inputs, drives asynchronous preset/clear pin(s) u_reset_ctrl/rst_n_reg/CLR, u_reset_ctrl/sync_stage1_reg/CLR. The LUT may glitch and trigger an unexpected reset, even if it is a properly timed path.
Related violations: <none>

SYNTH-6#1 Warning
Timing of a RAM block might be sub-optimal  
The timing for the instance u_top_vga/u_char_rom/char_code_reg, implemented as a RAM block, might be sub-optimal as no output register was merged into the block.
Related violations: <none>

SYNTH-6#2 Warning
Timing of a RAM block might be sub-optimal  
The timing for the instance u_top_vga/u_font_rom_hud/char_line_pixels_reg, implemented as a RAM block, might be sub-optimal as no output register was merged into the block.
Related violations: <none>

SYNTH-6#3 Warning
Timing of a RAM block might be sub-optimal  
The timing for the instance u_top_vga/u_font_rom_score/char_line_pixels_reg, implemented as a RAM block, might be sub-optimal as no output register was merged into the block.
Related violations: <none>


