Copyright 1986-2022 Xilinx, Inc. All Rights Reserved. Copyright 2022-2025 Advanced Micro Devices, Inc. All Rights Reserved.
---------------------------------------------------------------------------------------------------------------------------------------------
| Tool Version : Vivado v.2025.2 (win64) Build 6299465 Fri Nov 14 19:35:11 GMT 2025
| Date         : Mon Aug 31 17:42:39 2026
| Host         : DESKTOP-SELUCA7 running 64-bit major release  (build 9200)
| Command      : report_drc -file top_vga_basys3_drc_routed.rpt -pb top_vga_basys3_drc_routed.pb -rpx top_vga_basys3_drc_routed.rpx
| Design       : top_vga_basys3
| Device       : xc7a35tcpg236-1
| Speed File   : -1
| Design State : Fully Routed
---------------------------------------------------------------------------------------------------------------------------------------------

Report DRC

Table of Contents
-----------------
1. REPORT SUMMARY
2. REPORT DETAILS

1. REPORT SUMMARY
-----------------
            Netlist: netlist
          Floorplan: design_1
      Design limits: <entire design considered>
           Ruledeck: default
             Max checks: <unlimited>
             Checks found: 3
+-----------+----------+----------------------------+--------+
| Rule      | Severity | Description                | Checks |
+-----------+----------+----------------------------+--------+
| REQP-1840 | Warning  | RAMB18 async control check | 3      |
+-----------+----------+----------------------------+--------+

2. REPORT DETAILS
-----------------
REQP-1840#1 Warning
RAMB18 async control check  
The RAMB18E1 u_top_vga/u_font_rom_hud/char_line_pixels_reg has an input control pin u_top_vga/u_font_rom_hud/char_line_pixels_reg/ENARDEN (net: u_top_vga/u_font_rom_hud/pwropt) which is driven by a register (u_reset_ctrl/sync_stage1_reg) that has an active asychronous set or reset. This may cause corruption of the memory contents and/or read values when the set/reset is asserted and is not analyzed by the default static timing analysis. It is suggested to eliminate the use of a set/reset to registers driving this RAMB pin or else use a synchronous reset in which the assertion of the reset is timed by default.
Related violations: <none>

REQP-1840#2 Warning
RAMB18 async control check  
The RAMB18E1 u_top_vga/u_font_rom_hud/char_line_pixels_reg has an input control pin u_top_vga/u_font_rom_hud/char_line_pixels_reg/ENBWREN (net: u_top_vga/u_font_rom_hud/pwropt) which is driven by a register (u_reset_ctrl/sync_stage1_reg) that has an active asychronous set or reset. This may cause corruption of the memory contents and/or read values when the set/reset is asserted and is not analyzed by the default static timing analysis. It is suggested to eliminate the use of a set/reset to registers driving this RAMB pin or else use a synchronous reset in which the assertion of the reset is timed by default.
Related violations: <none>

REQP-1840#3 Warning
RAMB18 async control check  
The RAMB18E1 u_top_vga/u_font_rom_score/char_line_pixels_reg has an input control pin u_top_vga/u_font_rom_score/char_line_pixels_reg/ENARDEN (net: u_top_vga/u_font_rom_score/pwropt) which is driven by a register (u_reset_ctrl/sync_stage1_reg) that has an active asychronous set or reset. This may cause corruption of the memory contents and/or read values when the set/reset is asserted and is not analyzed by the default static timing analysis. It is suggested to eliminate the use of a set/reset to registers driving this RAMB pin or else use a synchronous reset in which the assertion of the reset is timed by default.
Related violations: <none>


